[0.012s] Invoking command in '/home/davidezuma/PortaMailCapstone/build/portamail_navigator': AMENT_PREFIX_PATH=/home/davidezuma/PortaMailCapstone/install/sllidar_ros2:${AMENT_PREFIX_PATH} CMAKE_PREFIX_PATH=/home/davidezuma/PortaMailCapstone/install/sllidar_ros2:/opt/ros/jazzy/opt/gz_sim_vendor:/opt/ros/jazzy/opt/gz_sensors_vendor:/opt/ros/jazzy/opt/gz_physics_vendor:/opt/ros/jazzy/opt/sdformat_vendor:/opt/ros/jazzy/opt/gz_gui_vendor:/opt/ros/jazzy/opt/gz_transport_vendor:/opt/ros/jazzy/opt/gz_rendering_vendor:/opt/ros/jazzy/opt/gz_plugin_vendor:/opt/ros/jazzy/opt/gz_fuel_tools_vendor:/opt/ros/jazzy/opt/gz_msgs_vendor:/opt/ros/jazzy/opt/gz_common_vendor:/opt/ros/jazzy/opt/gz_math_vendor:/opt/ros/jazzy/opt/gz_utils_vendor:/opt/ros/jazzy/opt/gz_tools_vendor:/opt/ros/jazzy/opt/gz_ogre_next_vendor:/opt/ros/jazzy/opt/gz_dartsim_vendor:/opt/ros/jazzy/opt/gz_cmake_vendor:/opt/ros/jazzy /usr/bin/cmake /home/davidezuma/PortaMailCapstone/src/portamail_navigator -DCMAKE_INSTALL_PREFIX=/home/davidezuma/PortaMailCapstone/install/portamail_navigator
[0.118s] -- The C compiler identification is GNU 13.3.0
[0.221s] -- The CXX compiler identification is GNU 13.3.0
[0.252s] -- Detecting C compiler ABI info
[0.425s] -- Detecting C compiler ABI info - done
[0.440s] -- Check for working C compiler: /usr/bin/cc - skipped
[0.441s] -- Detecting C compile features
[0.441s] -- Detecting C compile features - done
[0.457s] -- Detecting CXX compiler ABI info
[0.648s] -- Detecting CXX compiler ABI info - done
[0.665s] -- Check for working CXX compiler: /usr/bin/c++ - skipped
[0.665s] -- Detecting CXX compile features
[0.666s] -- Detecting CXX compile features - done
[0.672s] -- Found ament_cmake: 2.5.5 (/opt/ros/jazzy/share/ament_cmake/cmake)
[0.918s] -- Found Python3: /usr/bin/python3 (found version "3.12.3") found components: Interpreter 
[1.125s] -- Found rclcpp: 28.1.16 (/opt/ros/jazzy/share/rclcpp/cmake)
[1.205s] -- Found rosidl_generator_c: 4.6.7 (/opt/ros/jazzy/share/rosidl_generator_c/cmake)
[1.234s] -- Found rosidl_generator_cpp: 4.6.7 (/opt/ros/jazzy/share/rosidl_generator_cpp/cmake)
[1.265s] -- Using all available rosidl_typesupport_c: rosidl_typesupport_fastrtps_c;rosidl_typesupport_introspection_c
[1.300s] -- Using all available rosidl_typesupport_cpp: rosidl_typesupport_fastrtps_cpp;rosidl_typesupport_introspection_cpp
[1.434s] -- Found rmw_implementation_cmake: 7.3.3 (/opt/ros/jazzy/share/rmw_implementation_cmake/cmake)
[1.441s] -- Found rmw_fastrtps_cpp: 8.4.3 (/opt/ros/jazzy/share/rmw_fastrtps_cpp/cmake)
[1.612s] -- Found OpenSSL: /usr/lib/aarch64-linux-gnu/libcrypto.so (found version "3.0.13")  
[1.642s] -- Found FastRTPS: /opt/ros/jazzy/include (Required is at least version "2.13") 
[1.680s] -- Using RMW implementation 'rmw_fastrtps_cpp' as default
[1.817s] -- Found geometry_msgs: 5.3.6 (/opt/ros/jazzy/share/geometry_msgs/cmake)
[1.878s] -- Found nav_msgs: 5.3.6 (/opt/ros/jazzy/share/nav_msgs/cmake)
[1.933s] -- Found tf2: 0.36.19 (/opt/ros/jazzy/share/tf2/cmake)
[1.947s] -- Found tf2_ros: 0.36.19 (/opt/ros/jazzy/share/tf2_ros/cmake)
[2.235s] -- Found tf2_geometry_msgs: 0.36.19 (/opt/ros/jazzy/share/tf2_geometry_msgs/cmake)
[2.284s] -- Found eigen3_cmake_module: 0.3.0 (/opt/ros/jazzy/share/eigen3_cmake_module/cmake)
[2.287s] -- Found Eigen3: TRUE (found version "3.4.0") 
[2.287s] -- Ensuring Eigen3 include directory is part of orocos-kdl CMake target
[2.297s] -- Found slam_toolbox: 2.8.3 (/opt/ros/jazzy/share/slam_toolbox/cmake)
[2.788s] -- Setting OGRE_DIR to: '/opt/ros/jazzy/share/rviz_ogre_vendor/cmake/../../../opt/rviz_ogre_vendor/lib/OGRE/cmake'
[2.793s] -- Found OGRE
[2.793s] --   static     : OFF
[2.793s] --   components : MeshLodGenerator;Overlay;Paging;Property;RTShaderSystem;Terrain;Volume
[2.793s] --   plugins    : Plugin_BSPSceneManager;Plugin_OctreeSceneManager;Plugin_PCZSceneManager;Plugin_ParticleFX;RenderSystem_GL;RenderSystem_GL3Plus;Codec_STBI
[2.793s] --   media      : /opt/ros/jazzy/opt/rviz_ogre_vendor/share/OGRE/Media
[2.793s] -- OGRE_LIBRARIES: OgreMeshLodGenerator;OgreOverlay;OgrePaging;OgreProperty;OgreRTShaderSystem;OgreTerrain;OgreVolume;OgreMain
[2.793s] -- OGRE_LIBRARY_DIRS: /opt/ros/jazzy/opt/rviz_ogre_vendor/lib
[2.794s] -- OGRE_PLUGINS: Plugin_BSPSceneManager;Plugin_OctreeSceneManager;Plugin_PCZSceneManager;Plugin_ParticleFX;RenderSystem_GL;RenderSystem_GL3Plus;Codec_STBI
[2.794s] -- OGRE_PLUGIN_DIR: /opt/ros/jazzy/opt/rviz_ogre_vendor/lib/OGRE
[2.794s] -- rviz_ogre_vendor::OgreOverlay for IMPORTED_LOCATION_RELEASE: /opt/ros/jazzy/opt/rviz_ogre_vendor/lib/libOgreOverlay.so
[2.794s] -- rviz_ogre_vendor::OgreOverlay for IMPORTED_LOCATION_DEBUG: /opt/ros/jazzy/opt/rviz_ogre_vendor/lib/libOgreOverlay.so
[2.794s] -- rviz_ogre_vendor::OgreMain for IMPORTED_LOCATION_RELEASE: /opt/ros/jazzy/opt/rviz_ogre_vendor/lib/libOgreMain.so
[2.794s] -- rviz_ogre_vendor::OgreMain for IMPORTED_LOCATION_DEBUG: /opt/ros/jazzy/opt/rviz_ogre_vendor/lib/libOgreMain.so
[2.854s] -- Found ZLIB: /usr/lib/aarch64-linux-gnu/libz.so (found version "1.3")  
[2.875s] -- Found OpenGL: /usr/lib/aarch64-linux-gnu/libOpenGL.so   
[3.024s] -- Found X11: /usr/include   
[3.026s] -- Looking for XOpenDisplay in /usr/lib/aarch64-linux-gnu/libX11.so;/usr/lib/aarch64-linux-gnu/libXext.so
[3.201s] -- Looking for XOpenDisplay in /usr/lib/aarch64-linux-gnu/libX11.so;/usr/lib/aarch64-linux-gnu/libXext.so - found
[3.201s] -- Looking for gethostbyname
[3.362s] -- Looking for gethostbyname - found
[3.362s] -- Looking for connect
[3.531s] -- Looking for connect - found
[3.531s] -- Looking for remove
[3.697s] -- Looking for remove - found
[3.698s] -- Looking for shmat
[3.879s] -- Looking for shmat - found
[3.879s] -- Looking for IceConnectionNumber in ICE
[4.047s] -- Looking for IceConnectionNumber in ICE - found
[4.083s] -- Setting yaml-cpp_DIR to: '/opt/ros/jazzy/share/yaml_cpp_vendor/cmake/../../../opt/yaml_cpp_vendor/share/cmake/yaml-cpp'
[4.512s] -- Configuring done (4.5s)
[4.586s] -- Generating done (0.1s)
[4.601s] -- Build files have been written to: /home/davidezuma/PortaMailCapstone/build/portamail_navigator
[4.631s] Invoked command in '/home/davidezuma/PortaMailCapstone/build/portamail_navigator' returned '0': AMENT_PREFIX_PATH=/home/davidezuma/PortaMailCapstone/install/sllidar_ros2:${AMENT_PREFIX_PATH} CMAKE_PREFIX_PATH=/home/davidezuma/PortaMailCapstone/install/sllidar_ros2:/opt/ros/jazzy/opt/gz_sim_vendor:/opt/ros/jazzy/opt/gz_sensors_vendor:/opt/ros/jazzy/opt/gz_physics_vendor:/opt/ros/jazzy/opt/sdformat_vendor:/opt/ros/jazzy/opt/gz_gui_vendor:/opt/ros/jazzy/opt/gz_transport_vendor:/opt/ros/jazzy/opt/gz_rendering_vendor:/opt/ros/jazzy/opt/gz_plugin_vendor:/opt/ros/jazzy/opt/gz_fuel_tools_vendor:/opt/ros/jazzy/opt/gz_msgs_vendor:/opt/ros/jazzy/opt/gz_common_vendor:/opt/ros/jazzy/opt/gz_math_vendor:/opt/ros/jazzy/opt/gz_utils_vendor:/opt/ros/jazzy/opt/gz_tools_vendor:/opt/ros/jazzy/opt/gz_ogre_next_vendor:/opt/ros/jazzy/opt/gz_dartsim_vendor:/opt/ros/jazzy/opt/gz_cmake_vendor:/opt/ros/jazzy /usr/bin/cmake /home/davidezuma/PortaMailCapstone/src/portamail_navigator -DCMAKE_INSTALL_PREFIX=/home/davidezuma/PortaMailCapstone/install/portamail_navigator
[4.632s] Invoking command in '/home/davidezuma/PortaMailCapstone/build/portamail_navigator': AMENT_PREFIX_PATH=/home/davidezuma/PortaMailCapstone/install/sllidar_ros2:${AMENT_PREFIX_PATH} CMAKE_PREFIX_PATH=/home/davidezuma/PortaMailCapstone/install/sllidar_ros2:/opt/ros/jazzy/opt/gz_sim_vendor:/opt/ros/jazzy/opt/gz_sensors_vendor:/opt/ros/jazzy/opt/gz_physics_vendor:/opt/ros/jazzy/opt/sdformat_vendor:/opt/ros/jazzy/opt/gz_gui_vendor:/opt/ros/jazzy/opt/gz_transport_vendor:/opt/ros/jazzy/opt/gz_rendering_vendor:/opt/ros/jazzy/opt/gz_plugin_vendor:/opt/ros/jazzy/opt/gz_fuel_tools_vendor:/opt/ros/jazzy/opt/gz_msgs_vendor:/opt/ros/jazzy/opt/gz_common_vendor:/opt/ros/jazzy/opt/gz_math_vendor:/opt/ros/jazzy/opt/gz_utils_vendor:/opt/ros/jazzy/opt/gz_tools_vendor:/opt/ros/jazzy/opt/gz_ogre_next_vendor:/opt/ros/jazzy/opt/gz_dartsim_vendor:/opt/ros/jazzy/opt/gz_cmake_vendor:/opt/ros/jazzy /usr/bin/cmake --build /home/davidezuma/PortaMailCapstone/build/portamail_navigator -- -j4 -l4
[4.741s] [ 50%] Building CXX object CMakeFiles/mock_driver.dir/src/mock_driver.cpp.o
[4.741s] [ 50%] Building CXX object CMakeFiles/map_autosave_node.dir/src/map_autosave_node.cpp.o
[12.289s] [ 75%] Linking CXX executable map_autosave_node
[13.317s] [ 75%] Built target map_autosave_node
[20.380s] [100%] Linking CXX executable mock_driver
[21.403s] [100%] Built target mock_driver
[21.426s] Invoked command in '/home/davidezuma/PortaMailCapstone/build/portamail_navigator' returned '0': AMENT_PREFIX_PATH=/home/davidezuma/PortaMailCapstone/install/sllidar_ros2:${AMENT_PREFIX_PATH} CMAKE_PREFIX_PATH=/home/davidezuma/PortaMailCapstone/install/sllidar_ros2:/opt/ros/jazzy/opt/gz_sim_vendor:/opt/ros/jazzy/opt/gz_sensors_vendor:/opt/ros/jazzy/opt/gz_physics_vendor:/opt/ros/jazzy/opt/sdformat_vendor:/opt/ros/jazzy/opt/gz_gui_vendor:/opt/ros/jazzy/opt/gz_transport_vendor:/opt/ros/jazzy/opt/gz_rendering_vendor:/opt/ros/jazzy/opt/gz_plugin_vendor:/opt/ros/jazzy/opt/gz_fuel_tools_vendor:/opt/ros/jazzy/opt/gz_msgs_vendor:/opt/ros/jazzy/opt/gz_common_vendor:/opt/ros/jazzy/opt/gz_math_vendor:/opt/ros/jazzy/opt/gz_utils_vendor:/opt/ros/jazzy/opt/gz_tools_vendor:/opt/ros/jazzy/opt/gz_ogre_next_vendor:/opt/ros/jazzy/opt/gz_dartsim_vendor:/opt/ros/jazzy/opt/gz_cmake_vendor:/opt/ros/jazzy /usr/bin/cmake --build /home/davidezuma/PortaMailCapstone/build/portamail_navigator -- -j4 -l4
[21.428s] Invoking command in '/home/davidezuma/PortaMailCapstone/build/portamail_navigator': AMENT_PREFIX_PATH=/home/davidezuma/PortaMailCapstone/install/sllidar_ros2:${AMENT_PREFIX_PATH} CMAKE_PREFIX_PATH=/home/davidezuma/PortaMailCapstone/install/sllidar_ros2:/opt/ros/jazzy/opt/gz_sim_vendor:/opt/ros/jazzy/opt/gz_sensors_vendor:/opt/ros/jazzy/opt/gz_physics_vendor:/opt/ros/jazzy/opt/sdformat_vendor:/opt/ros/jazzy/opt/gz_gui_vendor:/opt/ros/jazzy/opt/gz_transport_vendor:/opt/ros/jazzy/opt/gz_rendering_vendor:/opt/ros/jazzy/opt/gz_plugin_vendor:/opt/ros/jazzy/opt/gz_fuel_tools_vendor:/opt/ros/jazzy/opt/gz_msgs_vendor:/opt/ros/jazzy/opt/gz_common_vendor:/opt/ros/jazzy/opt/gz_math_vendor:/opt/ros/jazzy/opt/gz_utils_vendor:/opt/ros/jazzy/opt/gz_tools_vendor:/opt/ros/jazzy/opt/gz_ogre_next_vendor:/opt/ros/jazzy/opt/gz_dartsim_vendor:/opt/ros/jazzy/opt/gz_cmake_vendor:/opt/ros/jazzy /usr/bin/cmake --install /home/davidezuma/PortaMailCapstone/build/portamail_navigator
[21.444s] -- Install configuration: ""
[21.447s] -- Installing: /home/davidezuma/PortaMailCapstone/install/portamail_navigator/lib/portamail_navigator/mock_driver
[21.456s] -- Set non-toolchain portion of runtime path of "/home/davidezuma/PortaMailCapstone/install/portamail_navigator/lib/portamail_navigator/mock_driver" to ""
[21.458s] -- Installing: /home/davidezuma/PortaMailCapstone/install/portamail_navigator/lib/portamail_navigator/map_autosave_node
[21.461s] -- Set non-toolchain portion of runtime path of "/home/davidezuma/PortaMailCapstone/install/portamail_navigator/lib/portamail_navigator/map_autosave_node" to ""
[21.461s] -- Up-to-date: /home/davidezuma/PortaMailCapstone/install/portamail_navigator/include
[21.461s] -- Up-to-date: /home/davidezuma/PortaMailCapstone/install/portamail_navigator/include/portamail_navigator
[21.461s] -- Installing: /home/davidezuma/PortaMailCapstone/install/portamail_navigator/include/portamail_navigator/map_autosave_node.hpp
[21.461s] -- Up-to-date: /home/davidezuma/PortaMailCapstone/install/portamail_navigator/share/portamail_navigator/launch
[21.461s] -- Installing: /home/davidezuma/PortaMailCapstone/install/portamail_navigator/share/portamail_navigator/launch/mapping.launch.py
[21.462s] -- Installing: /home/davidezuma/PortaMailCapstone/install/portamail_navigator/share/portamail_navigator/launch/gazebo_classic_mapping.launch.py
[21.462s] -- Up-to-date: /home/davidezuma/PortaMailCapstone/install/portamail_navigator/share/portamail_navigator/launch/hardware.launch.py
[21.462s] -- Up-to-date: /home/davidezuma/PortaMailCapstone/install/portamail_navigator/share/portamail_navigator/launch/joystick.launch.py
[21.462s] -- Up-to-date: /home/davidezuma/PortaMailCapstone/install/portamail_navigator/share/portamail_navigator/config
[21.462s] -- Installing: /home/davidezuma/PortaMailCapstone/install/portamail_navigator/share/portamail_navigator/config/map_autosave.yaml
[21.463s] -- Installing: /home/davidezuma/PortaMailCapstone/install/portamail_navigator/share/portamail_navigator/config/ekf.yaml
[21.464s] -- Installing: /home/davidezuma/PortaMailCapstone/install/portamail_navigator/share/portamail_navigator/config/ekf_no_imu.yaml
[21.464s] -- Installing: /home/davidezuma/PortaMailCapstone/install/portamail_navigator/share/portamail_navigator/config/slam.yaml
[21.465s] -- Up-to-date: /home/davidezuma/PortaMailCapstone/install/portamail_navigator/share/portamail_navigator/firmware
[21.465s] -- Installing: /home/davidezuma/PortaMailCapstone/install/portamail_navigator/share/portamail_navigator/firmware/micro_ros_arduino-2.0.8-jazzy.zip
[21.818s] -- Up-to-date: /home/davidezuma/PortaMailCapstone/install/portamail_navigator/share/portamail_navigator/firmware/teensy_driver
[21.818s] -- Installing: /home/davidezuma/PortaMailCapstone/install/portamail_navigator/share/portamail_navigator/firmware/teensy_driver/teensy_driver.ino
[21.820s] -- Installing: /home/davidezuma/PortaMailCapstone/install/portamail_navigator/share/portamail_navigator/firmware/teensy_driver/locale_stubs.c
[21.821s] -- Up-to-date: /home/davidezuma/PortaMailCapstone/install/portamail_navigator/share/portamail_navigator/firmware/esp32_driver
[21.821s] -- Up-to-date: /home/davidezuma/PortaMailCapstone/install/portamail_navigator/share/portamail_navigator/firmware/esp32_driver/esp32_driver.ino
[21.821s] -- Up-to-date: /home/davidezuma/PortaMailCapstone/install/portamail_navigator/share/portamail_navigator/urdf
[21.822s] -- Installing: /home/davidezuma/PortaMailCapstone/install/portamail_navigator/share/portamail_navigator/urdf/portamail.urdf
[21.822s] -- Installing: /home/davidezuma/PortaMailCapstone/install/portamail_navigator/share/portamail_navigator/urdf/portamail_classic.urdf
[21.823s] -- Up-to-date: /home/davidezuma/PortaMailCapstone/install/portamail_navigator/share/portamail_navigator/meshes
[21.824s] -- Installing: /home/davidezuma/PortaMailCapstone/install/portamail_navigator/share/portamail_navigator/meshes/left_wheel.STL
[21.826s] -- Installing: /home/davidezuma/PortaMailCapstone/install/portamail_navigator/share/portamail_navigator/meshes/caster_wheel.STL
[21.829s] -- Installing: /home/davidezuma/PortaMailCapstone/install/portamail_navigator/share/portamail_navigator/meshes/right_wheel.STL
[21.834s] -- Installing: /home/davidezuma/PortaMailCapstone/install/portamail_navigator/share/portamail_navigator/meshes/base_link.STL
[21.996s] -- Installing: /home/davidezuma/PortaMailCapstone/install/portamail_navigator/share/portamail_navigator/meshes/caster_swivel.STL
[21.999s] -- Installing: /home/davidezuma/PortaMailCapstone/install/portamail_navigator/share/ament_index/resource_index/package_run_dependencies/portamail_navigator
[21.999s] -- Installing: /home/davidezuma/PortaMailCapstone/install/portamail_navigator/share/ament_index/resource_index/parent_prefix_path/portamail_navigator
[21.999s] -- Installing: /home/davidezuma/PortaMailCapstone/install/portamail_navigator/share/portamail_navigator/environment/ament_prefix_path.sh
[22.000s] -- Installing: /home/davidezuma/PortaMailCapstone/install/portamail_navigator/share/portamail_navigator/environment/ament_prefix_path.dsv
[22.000s] -- Installing: /home/davidezuma/PortaMailCapstone/install/portamail_navigator/share/portamail_navigator/environment/path.sh
[22.000s] -- Installing: /home/davidezuma/PortaMailCapstone/install/portamail_navigator/share/portamail_navigator/environment/path.dsv
[22.000s] -- Installing: /home/davidezuma/PortaMailCapstone/install/portamail_navigator/share/portamail_navigator/local_setup.bash
[22.000s] -- Installing: /home/davidezuma/PortaMailCapstone/install/portamail_navigator/share/portamail_navigator/local_setup.sh
[22.001s] -- Installing: /home/davidezuma/PortaMailCapstone/install/portamail_navigator/share/portamail_navigator/local_setup.zsh
[22.001s] -- Installing: /home/davidezuma/PortaMailCapstone/install/portamail_navigator/share/portamail_navigator/local_setup.dsv
[22.001s] -- Installing: /home/davidezuma/PortaMailCapstone/install/portamail_navigator/share/portamail_navigator/package.dsv
[22.001s] -- Installing: /home/davidezuma/PortaMailCapstone/install/portamail_navigator/share/ament_index/resource_index/packages/portamail_navigator
[22.002s] -- Installing: /home/davidezuma/PortaMailCapstone/install/portamail_navigator/share/portamail_navigator/cmake/portamail_navigatorConfig.cmake
[22.002s] -- Installing: /home/davidezuma/PortaMailCapstone/install/portamail_navigator/share/portamail_navigator/cmake/portamail_navigatorConfig-version.cmake
[22.002s] -- Installing: /home/davidezuma/PortaMailCapstone/install/portamail_navigator/share/portamail_navigator/package.xml
[22.006s] Invoked command in '/home/davidezuma/PortaMailCapstone/build/portamail_navigator' returned '0': AMENT_PREFIX_PATH=/home/davidezuma/PortaMailCapstone/install/sllidar_ros2:${AMENT_PREFIX_PATH} CMAKE_PREFIX_PATH=/home/davidezuma/PortaMailCapstone/install/sllidar_ros2:/opt/ros/jazzy/opt/gz_sim_vendor:/opt/ros/jazzy/opt/gz_sensors_vendor:/opt/ros/jazzy/opt/gz_physics_vendor:/opt/ros/jazzy/opt/sdformat_vendor:/opt/ros/jazzy/opt/gz_gui_vendor:/opt/ros/jazzy/opt/gz_transport_vendor:/opt/ros/jazzy/opt/gz_rendering_vendor:/opt/ros/jazzy/opt/gz_plugin_vendor:/opt/ros/jazzy/opt/gz_fuel_tools_vendor:/opt/ros/jazzy/opt/gz_msgs_vendor:/opt/ros/jazzy/opt/gz_common_vendor:/opt/ros/jazzy/opt/gz_math_vendor:/opt/ros/jazzy/opt/gz_utils_vendor:/opt/ros/jazzy/opt/gz_tools_vendor:/opt/ros/jazzy/opt/gz_ogre_next_vendor:/opt/ros/jazzy/opt/gz_dartsim_vendor:/opt/ros/jazzy/opt/gz_cmake_vendor:/opt/ros/jazzy /usr/bin/cmake --install /home/davidezuma/PortaMailCapstone/build/portamail_navigator
